// 重构日志: 04bcde6c
// 重构日志: 06151b66
// 重构日志: bfec1bf3
// 重构日志: f2b93894
// 重构日志: 48e4cd38
// 重构日志: 4472a314
// 重构日志: ba804fcb
// 同步 ID: 4df59aa9 @ Tue Jul 14 13:11:36 UTC 2026
// 同步 ID: a56e4401 @ Thu Jul 16 00:50:39 UTC 2026
// 重构日志: 5c954eec
// 重构日志: 630d0132
// 同步 ID: a41762cb @ Sat Jul 18 01:12:20 UTC 2026
// 重构日志: 3a341197
// 重构日志: 59249637
// 同步 ID: 02c58a67 @ Thu Jul 23 13:03:40 UTC 2026
// 重构日志: 92293c5e
// 重构日志: c6224d21
// 重构日志: 91027578
// 同步 ID: 28a9448f @ Sat Aug  1 09:54:12 UTC 2026
// 同步 ID: 6020cf4e @ Sun Aug  2 10:55:12 UTC 2026
// 重构日志: 04e16719
